named lattices: {'Z^d': 1.414214, 'D_d': 1.681793, 'D_d^*': 1.681793, 'A_d': 1.54679, 'A_d^*': 1.602486}
start   0  P = 1.68179283  Gram eigenvalues [0.31   0.7071 1.4142 3.2255]
start   1  P = 1.64873021  Gram eigenvalues [0.3508 1.1077 1.1077 2.3235]
start   2  P = 1.64873021  Gram eigenvalues [0.3508 1.1077 1.1077 2.3235]
start   3  P = 1.64873021  Gram eigenvalues [0.3508 1.1077 1.1077 2.3235]
start   4  P = 1.63576160  Gram eigenvalues [0.3212 0.8409 1.6818 2.2015]
start   5  P = 1.63576160  Gram eigenvalues [0.3212 0.8409 1.6818 2.2015]
start   6  P = 1.64873021  Gram eigenvalues [0.3508 1.1077 1.1077 2.3235]
start   7  P = 1.64873021  Gram eigenvalues [0.3508 1.1077 1.1077 2.3235]
start   8  P = 1.64873021  Gram eigenvalues [0.3508 1.1077 1.1077 2.3235]
start   9  P = 1.64873021  Gram eigenvalues [0.3508 1.1077 1.1077 2.3235]
start  10  P = 1.64873021  Gram eigenvalues [0.3508 1.1077 1.1077 2.3235]
start  11  P = 1.64873021  Gram eigenvalues [0.3508 1.1077 1.1077 2.3235]
start  12  P = 1.64873021  Gram eigenvalues [0.3508 1.1077 1.1077 2.3235]
start  13  P = 1.64873021  Gram eigenvalues [0.3508 1.1077 1.1077 2.3235]
start  14  P = 1.64873021  Gram eigenvalues [0.3244 0.6588 1.891  2.4743]
start  15  P = 1.64873021  Gram eigenvalues [0.2428 1.1077 1.4715 2.5264]
start  16  P = 1.64873021  Gram eigenvalues [0.3508 1.1077 1.1077 2.3235]
start  17  P = 1.64873021  Gram eigenvalues [0.3508 1.1077 1.1077 2.3235]
start  18  P = 1.63576160  Gram eigenvalues [0.3212 0.8409 1.6818 2.2015]
start  19  P = 1.63576160  Gram eigenvalues [0.3212 0.8409 1.6818 2.2015]
start  20  P = 1.63576160  Gram eigenvalues [0.3212 0.8409 1.6818 2.2015]
start  21  P = 1.63576160  Gram eigenvalues [0.3212 0.8409 1.6818 2.2015]
start  22  P = 1.54368744  Gram eigenvalues [0.398  0.8414 1.3803 2.1636]
start  23  P = 1.64873021  Gram eigenvalues [0.3508 1.1077 1.1077 2.3235]
start  24  P = 1.63576160  Gram eigenvalues [0.3212 0.8409 1.6818 2.2015]
start  25  P = 1.64873021  Gram eigenvalues [0.3508 1.1077 1.1077 2.3235]
start  26  P = 1.63576160  Gram eigenvalues [0.3212 0.8409 1.6818 2.2015]
start  27  P = 1.63576160  Gram eigenvalues [0.3212 0.8409 1.6818 2.2015]
start  28  P = 1.64873021  Gram eigenvalues [0.3508 1.1077 1.1077 2.3235]
start  29  P = 1.64873021  Gram eigenvalues [0.3508 1.1077 1.1077 2.3235]
start  30  P = 1.64873021  Gram eigenvalues [0.3508 1.1077 1.1077 2.3235]
start  31  P = 1.64873021  Gram eigenvalues [0.3508 1.1077 1.1077 2.3235]
start  32  P = 1.64873021  Gram eigenvalues [0.3508 1.1077 1.1077 2.3235]
start  33  P = 1.64873021  Gram eigenvalues [0.3508 1.1077 1.1077 2.3235]
start  34  P = 1.64873021  Gram eigenvalues [0.3508 1.1077 1.1077 2.3235]
start  35  P = 1.64873021  Gram eigenvalues [0.3508 1.1077 1.1077 2.3235]
start  36  P = 1.63576160  Gram eigenvalues [0.3212 0.8409 1.6818 2.2015]
start  37  P = 1.64873021  Gram eigenvalues [0.3508 1.1077 1.1077 2.3235]
start  38  P = 1.68179283  Gram eigenvalues [0.1895 1.4142 1.4142 2.639 ]
start  39  P = 1.63576160  Gram eigenvalues [0.3212 0.8409 1.6818 2.2015]
start  40  P = 1.63576160  Gram eigenvalues [0.3212 0.8409 1.6818 2.2015]
start  41  P = 1.63576160  Gram eigenvalues [0.3212 0.8409 1.6818 2.2015]
start  42  P = 1.60248643  Gram eigenvalues [0.2991 1.4953 1.4953 1.4953]
start  43  P = 1.63576160  Gram eigenvalues [0.3212 0.8409 1.6818 2.2015]
start  44  P = 1.63576160  Gram eigenvalues [0.3212 0.8409 1.6818 2.2015]
start  45  P = 1.64873021  Gram eigenvalues [0.3508 1.1077 1.1077 2.3235]
start  46  P = 1.68179283  Gram eigenvalues [0.31   0.7071 1.4142 3.2255]
start  47  P = 1.63576160  Gram eigenvalues [0.3212 0.8409 1.6818 2.2015]
start  48  P = 1.64873021  Gram eigenvalues [0.3508 1.1077 1.1077 2.3235]
start  49  P = 1.64873021  Gram eigenvalues [0.3508 1.1077 1.1077 2.3235]
start  50  P = 1.68179283  Gram eigenvalues [0.31   0.7071 1.4142 3.2255]
start  51  P = 1.63576160  Gram eigenvalues [0.3212 0.8409 1.6818 2.2015]
start  52  P = 1.54436542  Gram eigenvalues [0.3992 0.843  1.3143 2.2609]
start  53  P = 1.63576160  Gram eigenvalues [0.3212 0.8409 1.6818 2.2015]
start  54  P = 1.63576160  Gram eigenvalues [0.3212 0.8409 1.6818 2.2015]
start  55  P = 1.64873021  Gram eigenvalues [0.3508 1.1077 1.1077 2.3235]
start  56  P = 1.64873021  Gram eigenvalues [0.3508 1.1077 1.1077 2.3235]
start  57  P = 1.64873021  Gram eigenvalues [0.3508 1.1077 1.1077 2.3235]
start  58  P = 1.64873021  Gram eigenvalues [0.2428 1.1077 1.4715 2.5264]
start  59  P = 1.63576160  Gram eigenvalues [0.3212 0.8409 1.6818 2.2015]
start  60  P = 1.63576160  Gram eigenvalues [0.3212 0.8409 1.6818 2.2015]
start  61  P = 1.64873021  Gram eigenvalues [0.3508 1.1077 1.1077 2.3235]
start  62  P = 1.63576160  Gram eigenvalues [0.3212 0.8409 1.6818 2.2015]
start  63  P = 1.60248643  Gram eigenvalues [0.2991 1.4953 1.4953 1.4953]
start  64  P = 1.63576160  Gram eigenvalues [0.3212 0.8409 1.6818 2.2015]
start  65  P = 1.64873021  Gram eigenvalues [0.3508 1.1077 1.1077 2.3235]
start  66  P = 1.63576160  Gram eigenvalues [0.3212 0.8409 1.6818 2.2015]
start  67  P = 1.64873021  Gram eigenvalues [0.3508 1.1077 1.1077 2.3235]
start  68  P = 1.63576160  Gram eigenvalues [0.3212 0.8409 1.6818 2.2015]
start  69  P = 1.64873021  Gram eigenvalues [0.3244 0.6588 1.891  2.4743]
start  70  P = 1.63576160  Gram eigenvalues [0.3212 0.8409 1.6818 2.2015]
start  71  P = 1.60248643  Gram eigenvalues [0.2991 1.4953 1.4953 1.4953]
start  72  P = 1.64873021  Gram eigenvalues [0.3508 1.1077 1.1077 2.3235]
start  73  P = 1.64873021  Gram eigenvalues [0.3508 1.1077 1.1077 2.3235]
start  74  P = 1.60248643  Gram eigenvalues [0.2991 1.4953 1.4953 1.4953]
start  75  P = 1.55863404  Gram eigenvalues [0.4071 0.9262 1.6285 1.6285]
start  76  P = 1.63576160  Gram eigenvalues [0.3212 0.8409 1.6818 2.2015]
start  77  P = 1.64873021  Gram eigenvalues [0.3508 1.1077 1.1077 2.3235]
start  78  P = 1.64873021  Gram eigenvalues [0.3508 1.1077 1.1077 2.3235]
start  79  P = 1.64873021  Gram eigenvalues [0.3508 1.1077 1.1077 2.3235]
BEST P = 1.6817928305 ; active triangles 96 ; shortest |v|^2: [1.41421 1.41421 1.41421 1.41421 1.41421 1.41421 1.41421 1.41421 1.41421
 1.41421 1.41421 1.41421 1.41421 1.41421 1.41421 1.41421 1.41421 1.41421
 1.41421 1.41421 1.41421 1.41421 1.41421 1.41421]
