nu=4 square: T(tau0) in [[7.5826697727982435015547935108770616353 +/- 4.42e-38], [7.5826700239833637606778893314185552299 +/- 2.27e-39]]   tail bound [1.2555933521852300220819339750817763718e-7 +/- 4.90e-46]
  coefficients: c20=[0.43688 +/- 6.66e-6] c02=[9.75784 +/- 5.60e-6] c21=[8.8841 +/- 5.75e-5] c03=[-9.7578 +/- 6.06e-5] (symmetric ones contain 0)
  local lemma (direct, exact symmetry) holds for max(|A|,|B|) <= r_loc = 0.00311
  large-y cut: T >= y^6.0000000000000000000000000000000000000 K_s > T(tau0) for y > Y0 = 1.643307
  boxes 100, queue 5, 470s
  boxes 200, queue 5, 846s
  boxes 300, queue 5, 1244s
  boxes 400, queue 7, 1630s
  boxes 500, queue 7, 2010s
DONE nu=4: all 531 boxes certified in 2091s (rigorous arithmetic) -> square lattice is the unique global minimiser
Traceback (most recent call last):
  File "/home/user/GapYas/research/rigorous/prove_min_rig.py", line 119, in <module>
    json.dump(dict(point=POINT, nu=nu, T0=[str(T0.lower()), str(T0.upper())], r_loc=rloc, Y0=Yc, boxes=n), open("prove_rig_%s_nu%g.json" % (POINT, nu), "w"), indent=1)
    ^^^^^^^^^^^^^^^^^^^^^^^^^^^^^^^^^^^^^^^^^^^^^^^^^^^^^^^^^^^^^^^^^^^^^^^^^^^^^^^^^^^^^^^^^^^^^^^^^^^^^^^^^^^^^^^^^^^^^^^^^^^^^^^^^^^^^^^^^^^^^^^^^^^^^^^^^
  File "/usr/lib/python3.11/json/__init__.py", line 179, in dump
    for chunk in iterable:
  File "/usr/lib/python3.11/json/encoder.py", line 432, in _iterencode
    yield from _iterencode_dict(o, _current_indent_level)
  File "/usr/lib/python3.11/json/encoder.py", line 406, in _iterencode_dict
    yield from chunks
  File "/usr/lib/python3.11/json/encoder.py", line 326, in _iterencode_list
    yield from chunks
  File "/usr/lib/python3.11/json/encoder.py", line 439, in _iterencode
    o = _default(o)
        ^^^^^^^^^^^
  File "/usr/lib/python3.11/json/encoder.py", line 180, in default
    raise TypeError(f'Object of type {o.__class__.__name__} '
TypeError: Object of type arb is not JSON serializable
