nu= 2.20  global min 29.794875569396 at tau=0.50000+0.86603i | hex 29.794875569396 | square 30.260128638085 | 20s
nu= 2.50  global min 20.636481803187 at tau=0.50000+0.86603i | hex 20.636481803187 | square 21.027260381837 | 20s
nu= 3.00  global min 13.391794110254 at tau=0.50000+0.86603i | hex 13.391794110254 | square 13.652893715415 | 19s
nu= 3.50  global min 9.772376102087 at tau=0.50000+0.86603i | hex 9.772376102087 | square 9.893282502979 | 16s
nu= 3.80  global min 8.359304105737 at tau=0.50000+0.86603i | hex 8.359304105737 | square 8.393515488773 | 16s
nu= 3.90  global min 7.967020829978 at tau=0.50000+0.86603i | hex 7.967020829978 | square 7.972320402568 | 17s
nu= 3.95  global min 7.773790408154 at tau=0.00000+1.00000i | hex 7.782909299379 | square 7.773790408154 | 12s
nu= 4.00  global min 7.582669901053 at tau=0.00000+1.00000i | hex 7.606170752582 | square 7.582669901053 | 14s
nu= 4.50  global min 5.999053054846 at tau=0.00000+1.00000i | hex 6.162589546549 | square 5.999053054846 | 12s
nu= 5.00  global min 4.838026846714 at tau=0.00000+1.00000i | hex 5.129901600763 | square 4.838026846714 | 12s
nu= 6.00  global min 3.249974312442 at tau=0.00000+1.00000i | hex 3.745771263835 | square 3.249974312442 | 10s
nu= 8.00  global min 1.552401212576 at tau=0.00000+1.00000i | hex 2.228073519952 | square 1.552401212576 | 9s
nu=10.00  global min 0.759708427661 at tau=0.00000+1.09980i | hex 1.406399440434 | square 0.762238133947 | 13s
nu* (reference) = 3.9183649026   nu* (GZL) = 3.9183649026   s* = nu*/2 = 1.9591824513
stability (Hessian eigenvalues, >0 = local minimum):
  nu=2.20 hex [11.276   11.27603]  square [-6.52562 33.19503]
  nu=2.40 hex [10.2144  10.21444]  square [-5.80223 31.49752]
  nu=2.60 hex [9.17004 9.17008]  square [-5.06804 29.95028]
  nu=2.80 hex [8.11328 8.11332]  square [-4.30456 28.45969]
  nu=3.00 hex [7.03432 7.03435]  square [-3.50577 26.98114]
  nu=3.20 hex [5.934   5.93402]  square [-2.67269 25.49633]
  nu=3.40 hex [4.81889 4.81891]  square [-1.81037 24.00145]
  nu=3.60 hex [3.69849 3.69851]  square [-0.92612 22.50065]
  nu=3.80 hex [2.58344 2.58345]  square [-0.02845 21.00219]
  nu=3.85 hex [2.30678 2.30679]  square [ 0.19703 20.6291 ]
  nu=3.90 hex [2.03129 2.0313 ]  square [ 0.42265 20.25695]
  nu=3.95 hex [1.75712 1.75713]  square [ 0.64828 19.8859 ]
  nu=4.00 hex [1.48445 1.48445]  square [ 0.87377 19.51611]
  nu=4.20 hex [0.4116 0.4116]  square [ 1.77171 18.05279]
  nu=4.40 hex [-0.62607 -0.62606]  square [ 2.65701 16.62213]
  nu=4.60 hex [-1.62078 -1.62077]  square [ 3.52197 15.23299]
  nu=4.80 hex [-2.56613 -2.56612]  square [ 4.35973 13.89299]
  nu=5.00 hex [-3.4571  -3.45708]  square [ 5.1643  12.60835]
  nu=5.20 hex [-4.28999 -4.28998]  square [ 5.93063 11.38393]
  nu=5.40 hex [-5.06235 -5.06233]  square [ 6.65457 10.2233 ]
  nu=5.60 hex [-5.7728  -5.77278]  square [7.33289 9.12878]
  nu=5.80 hex [-6.42097 -6.42094]  square [7.96317 8.10168]
  nu=6.00 hex [-7.0073  -7.00728]  square [7.1423  8.54377]
  nu=6.20 hex [-7.53297 -7.53294]  square [6.25019 9.07375]
  nu=6.40 hex [-7.99969 -7.99966]  square [5.4242  9.55279]
  nu=6.60 hex [-8.40966 -8.40962]  square [4.66262 9.98113]
  nu=6.80 hex [-8.76541 -8.76538]  square [ 3.96332 10.35946]
  nu=7.00 hex [-9.06975 -9.06971]  square [ 3.32379 10.6889 ]
  nu=7.20 hex [-9.32562 -9.32559]  square [ 2.74131 10.97088]
  nu=7.40 hex [-9.53611 -9.53607]  square [ 2.21294 11.20711]
  nu=7.60 hex [-9.70432 -9.70429]  square [ 1.73566 11.39954]
  nu=7.80 hex [-9.83336 -9.83332]  square [ 1.30637 11.55025]
  nu=8.00 hex [-9.92628 -9.92624]  square [ 0.92196 11.66146]
square lattice: local-minimum boundary at nu = [3.806310593281204]
hex lattice: local-minimum boundary at nu = [4.278435047418201]
arc at nu*: hex 7.8985111411  max 7.9095605441 at theta=72.0 deg  square 7.8985111411
